ASxxxx Linker V03.00/V05.40 + sdld,  page 1.
Hexadecimal  [32-Bits]

Area                                    Addr        Size        Decimal Bytes (Attributes)
--------------------------------        ----        ----        ------- ----- ------------
.  .ABS.                            00000000    00000000 =           0. bytes (ABS,CON)

      Value  Global                              Global Defined In Module
      -----  --------------------------------   ------------------------
     00000000  .__.ABS.                           
     00000000  _rRAMG                             
     00000000  l__BASE                         
     00000000  l__BSS                          
     00000000  l__CABS                         
     00000000  l__CODE_0                       
     00000000  l__CRASH_HEADER                 
     00000000  l__CRASH_SCRATCH                
     00000000  l__DABS                         
     00000000  l__HEADER                       
     00000000  l__HEADER_LCD                   
     00000000  l__HEADER_SIO                   
     00000000  l__HEADER_TIMER                 
     00000000  l__HEAP                         
     00000000  l__HEAP_END                     
     00000000  l__HRAM                         
     00000000  l__LIT                          
     00000000  s__CABS                         
     00000000  s__CRASH_HEADER                 
     00000000  s__CRASH_HEADER0                
     00000000  s__CRASH_HEADER1                
     00000000  s__CRASH_SCRATCH                
     00000000  s__CRASH_SCRATCH2               
     00000000  s__DABS                         
     00000000  s__HEADER                       
     00000000  s__HEADER0                      
     00000000  s__HEADER1                      
     00000000  s__HEADER10                     
     00000000  s__HEADER11                     
     00000000  s__HEADER2                      
     00000000  s__HEADER3                      
     00000000  s__HEADER4                      
     00000000  s__HEADER5                      
     00000000  s__HEADER6                      
     00000000  s__HEADER7                      
     00000000  s__HEADER8                      
     00000000  s__HEADER9                      
     00000000  s__HEADER_LCD                   
     00000000  s__HEADER_LCD0                  
     00000000  s__HEADER_SIO                   
     00000000  s__HEADER_SIO0                  
     00000000  s__HEADER_TIMER                 
     00000000  s__HEADER_TIMER0                
     00000000  s__HEADERa                      
     00000000  s__HEADERb                      
     00000000  s__HEADERc                      
     00000000  s__HEADERd                      
     00000000  s__HEADERe                      
     00000000  s__HEADERf                      
     00000000  s__HRAM                         
ASxxxx Linker V03.00/V05.40 + sdld,  page 2.
Hexadecimal  [32-Bits]

Area                                    Addr        Size        Decimal Bytes (Attributes)
--------------------------------        ----        ----        ------- ----- ------------
.  .ABS.                            00000000    00000000 =           0. bytes (ABS,CON)

      Value  Global                              Global Defined In Module
      -----  --------------------------------   ------------------------
     00000000  s__HRAM12                       
     00000001  ___bank_VM_SGB                     vm_sgb
     00000001  ___bank_bg_earth_distortion_moun   bg_earth_distortion_mountai_
     00000001  ___bank_bg_mercury_projectile_pl   bg_mercury_projectile_platf_
     00000001  ___bank_scene_40_projectiles       scene_40_projectiles
     00000001  b_ui_draw_frame                    ui
     00000001  b_ui_draw_text_buffer_char         ui
     00000001  b_ui_init                          ui
     00000001  b_ui_load_tiles                    ui
     00000001  b_ui_run_menu                      ui
     00000001  b_ui_run_modal                     ui
     00000001  b_ui_set_start_tile                ui
     00000001  l__GSFINAL                      
     00000001  l__HEADER0                      
     00000001  l__HEADER5                      
     00000001  l__HEADERa                      
     00000001  l__HEADERb                      
     00000001  l__HEADERc                      
     00000001  l__HEADERe                      
     00000001  l__HEADERf                      
     00000002  ___bank_bg_a_unknown_menu          bg_a_unknown_menu
     00000002  ___bank_bg_level_4_tileset         bg_level_4_tileset
     00000002  ___bank_bg_venus_landing_site_ti   bg_venus_landing_site_tilema
     00000002  l__HEADER10                     
     00000002  l__HEADER6                      
     00000002  l__HEADERd                      
     00000003  ___bank_bg_luna_serenity_waterfr   bg_luna_serenity_waterfront_
     00000003  ___bank_bg_venus_landing_site_ti   bg_venus_landing_site_tilema
     00000003  ___bank_scene_5_init               scene_5_init
     00000003  ___bank_script_input_27            script_input_27
     00000003  l__HEADER9                      
     00000003  l__HEADER_LCD0                  
     00000003  l__HRAM12                       
     00000004  ___bank_bg_title_tileset           bg_title_tileset
     00000004  ___bank_scene_42_collisions        scene_42_collisions
     00000004  ___bank_script_10                  script_10
     00000004  l__CRASH_HEADER1                
     00000004  l__HEADER_SIO0                  
     00000004  l__HEADER_TIMER0                
     00000005  ___bank_actor_0_update             actor_0_update
     00000005  ___bank_bg_earth_distortion_moun   bg_earth_distortion_mountai_
     00000005  ___bank_scene_40_init              scene_40_init
     00000005  l__CRASH_HEADER0                
     00000005  l__HEADER1                      
     00000006  ___bank_bg_temporal_light_backgr   bg_temporal_light_backgroun_
     00000006  ___bank_scene_13_collisions        scene_13_collisions
     00000006  ___bank_scene_4_init               scene_4_init
     00000006  l__HEADER8                      
     00000007  ___bank_bg_earth_burnclaw_forest   bg_earth_burnclaw_forest_til
     00000007  ___bank_bg_placeholder_tileset     bg_placeholder_tileset
     00000007  ___bank_bg_warning_tileset         bg_warning_tileset
ASxxxx Linker V03.00/V05.40 + sdld,  page 3.
Hexadecimal  [32-Bits]

Area                                    Addr        Size        Decimal Bytes (Attributes)
--------------------------------        ----        ----        ------- ----- ------------
.  .ABS.                            00000000    00000000 =           0. bytes (ABS,CON)

      Value  Global                              Global Defined In Module
      -----  --------------------------------   ------------------------
     00000007  ___bank_scene_1_sprites            scene_1_sprites
     00000007  l__HEADER2                      
     00000008  ___bank_bg_earth_burnclaw_forest   bg_earth_burnclaw_forest_til
     00000008  ___bank_scene_19_sprites           scene_19_sprites
     00000008  ___bank_sprite_ember_phoenix_cop   sprite_ember_phoenix_copy_ti
     00000008  ___bank_tileset_hud_ui             tileset_hud_ui
     00000008  l__HEADER3                      
     00000009  ___bank_bg_earth_shuttle_bay_upp   bg_earth_shuttle_bay_upper_t
     00000009  ___bank_scene_26_sprites           scene_26_sprites
     00000009  ___bank_sprite_perlite_animated    sprite_perlite_animated
     00000009  b_platform_init                    platform
     00000009  b_platform_update                  platform
     0000000A  ___bank_ACTOR                      actor
     0000000A  ___bank_bg_earth_shuttle_bay_upp   bg_earth_shuttle_bay_upper_t
     0000000A  ___bank_bg_luna_water_heater_til   bg_luna_water_heater_tileset
     0000000A  ___bank_scene_27_sprites           scene_27_sprites
     0000000A  b_activate_actor                   actor
     0000000A  b_activate_actors_in_col           actor
     0000000A  b_activate_actors_in_row           actor
     0000000A  b_actor_at_tile                    actor
     0000000A  b_actor_get_frame_offset           actor
     0000000A  b_actor_in_front_of_player         actor
     0000000A  b_actor_overlapping_bb             actor
     0000000A  b_actor_overlapping_player         actor
     0000000A  b_actor_set_anim_idle              actor
     0000000A  b_actor_set_anim_moving            actor
     0000000A  b_actor_set_dir                    actor
     0000000A  b_actor_set_frame_offset           actor
     0000000A  b_actor_set_frames                 actor
     0000000A  b_actors_handle_player_collision   actor
     0000000A  b_actors_init                      actor
     0000000A  b_check_collision_in_direction     actor
     0000000A  b_deactivate_actor                 actor
     0000000A  b_player_init                      actor
     0000000B  ___bank_SGB_border_chr             border
     0000000B  ___bank_SGB_border_map             border
     0000000B  ___bank_SGB_border_pal             border
     0000000B  ___bank_actor_14_interact          actor_14_interact
     0000000B  ___bank_scene_11_collisions        scene_11_collisions
     0000000B  ___bank_scene_17_init              scene_17_init
     0000000C  ___bank_bg_earth_level_1_intro_t   bg_earth_level_1_intro_tilem
     0000000C  ___bank_scene_14_collisions        scene_14_collisions
     0000000C  ___bank_scene_6_sprites            scene_6_sprites
     0000000C  ___bank_song_featherfire_deprese   song_featherfire_depresed_0_
     0000000D  ___bank_bg_luna_serenity_waterfr   bg_luna_serenity_waterfront_
     0000000D  ___bank_scene_10_init              scene_10_init
     0000000D  ___bank_song_blight_of_light_0_D   song_blight_of_light_0_Data
     0000000E  ___bank_bg_luna_serenity_waterfr   bg_luna_serenity_waterfront_
     0000000E  ___bank_script_input_21            script_input_21
     0000000E  ___bank_song_featherfire_deprese   song_featherfire_depresed_Da
     0000000F  ___bank_bg_luna_water_heater_til   bg_luna_water_heater_tilemap
ASxxxx Linker V03.00/V05.40 + sdld,  page 4.
Hexadecimal  [32-Bits]

Area                                    Addr        Size        Decimal Bytes (Attributes)
--------------------------------        ----        ----        ------- ----- ------------
.  .ABS.                            00000000    00000000 =           0. bytes (ABS,CON)

      Value  Global                              Global Defined In Module
      -----  --------------------------------   ------------------------
     0000000F  ___bank_scene_10_triggers          scene_10_triggers
     0000000F  ___bank_scene_43_actors            scene_43_actors
     0000000F  ___bank_song_blight_of_lightjam_   song_blight_of_lightjam_Data
     00000010  ___bank_bg_luna_water_heater_til   bg_luna_water_heater_tilemap
     00000010  ___bank_scene_11_triggers          scene_11_triggers
     00000010  ___bank_scene_6_actors             scene_6_actors
     00000010  ___bank_song_featherfire_altered   song_featherfire_altered_an_
     00000011  ___bank_bg_luna_peryil_s_house_t   bg_luna_peryil_s_house_tilem
     00000011  ___bank_bg_mercury_landing_site_   bg_mercury_landing_site_tile
     00000011  ___bank_scene_29_sprites           scene_29_sprites
     00000011  ___bank_sprite_jem_animated        sprite_jem_animated
     00000012  ___bank_bg_a_unknown_menu_tilema   bg_a_unknown_menu_tilemap_at
     00000012  ___bank_bg_luna_peryil_s_house_t   bg_luna_peryil_s_house_tilem
     00000012  ___bank_bg_mercury_landing_site_   bg_mercury_landing_site_tile
     00000012  ___bank_scene_14_triggers          scene_14_triggers
     00000013  ___bank_bg_a_unknown_menu_tilema   bg_a_unknown_menu_tilemap
     00000013  ___bank_bg_mercury_overflow_pass   bg_mercury_overflow_passage_
     00000013  ___bank_scene_15_triggers          scene_15_triggers
     00000013  ___bank_scene_17_collisions        scene_17_collisions
     00000014  ___bank_bg_cc_computer_tilemap_a   bg_cc_computer_tilemap_attr
     00000014  ___bank_bg_mercury_overflow_pass   bg_mercury_overflow_passage_
     00000014  ___bank_scene_19_collisions        scene_19_collisions
     00000014  ___bank_scene_27_triggers          scene_27_triggers
     00000015  ___bank_bg_cc_computer_tilemap     bg_cc_computer_tilemap
     00000015  ___bank_bg_mercury_poison_proces   bg_mercury_poison_processin_
     00000015  ___bank_scene_20_collisions        scene_20_collisions
     00000015  ___bank_scene_43_triggers          scene_43_triggers
     00000016  ___bank_bg_cc_intro_cutscene_til   bg_cc_intro_cutscene_tilemap
     00000016  ___bank_bg_mercury_poison_proces   bg_mercury_poison_processin_
     00000016  ___bank_scene_29_collisions        scene_29_collisions
     00000016  ___bank_script_timer_90            script_timer_90
     00000017  ___bank_bg_cc_intro_cutscene_til   bg_cc_intro_cutscene_tilemap
     00000017  ___bank_bg_mercury_poison_storag   bg_mercury_poison_storage_ti
     00000017  ___bank_scene_1_projectiles        scene_1_projectiles
     00000017  ___bank_scene_30_collisions        scene_30_collisions
     00000018  ___bank_bg_cc_title_frame_tilema   bg_cc_title_frame_tilemap_at
     00000018  ___bank_bg_mercury_poison_storag   bg_mercury_poison_storage_ti
     00000018  ___bank_scene_10_projectiles       scene_10_projectiles
     00000018  ___bank_scene_39_collisions        scene_39_collisions
     00000019  ___bank_bg_cc_title_frame_tilema   bg_cc_title_frame_tilemap
     00000019  ___bank_bg_mercury_projectile_pl   bg_mercury_projectile_platf_
     00000019  ___bank_scene_11_projectiles       scene_11_projectiles
     00000019  ___bank_scene_52_collisions        scene_52_collisions
     0000001A  ___bank_bg_game_menu_copy_tilema   bg_game_menu_copy_tilemap_at
     0000001A  ___bank_bg_mercury_projectile_pl   bg_mercury_projectile_platf_
     0000001A  ___bank_scene_12_projectiles       scene_12_projectiles
     0000001A  ___bank_scene_53_collisions        scene_53_collisions
     0000001A  l__INITIALIZED                  
     0000001A  l__INITIALIZER                  
     0000001B  ___bank_bg_game_menu_copy_tilema   bg_game_menu_copy_tilemap
     0000001B  ___bank_bg_mercury_viewing_area_   bg_mercury_viewing_area_tile
ASxxxx Linker V03.00/V05.40 + sdld,  page 5.
Hexadecimal  [32-Bits]

Area                                    Addr        Size        Decimal Bytes (Attributes)
--------------------------------        ----        ----        ------- ----- ------------
.  .ABS.                            00000000    00000000 =           0. bytes (ABS,CON)

      Value  Global                              Global Defined In Module
      -----  --------------------------------   ------------------------
     0000001B  ___bank_scene_13_projectiles       scene_13_projectiles
     0000001B  ___bank_scene_61_collisions        scene_61_collisions
     0000001C  ___bank_bg_luna_sewer_system_til   bg_luna_sewer_system_tileset
     0000001C  ___bank_bg_mercury_viewing_area_   bg_mercury_viewing_area_tile
     0000001C  ___bank_bg_platformer_test01_til   bg_platformer_test01_tilemap
     0000001C  ___bank_trigger_184_interact       trigger_184_interact
     0000001D  ___bank_bg_platformer_test01_til   bg_platformer_test01_tilemap
     0000001D  ___bank_bg_venus_dropshaft_0_til   bg_venus_dropshaft_0_tileset
     0000001D  ___bank_scene_22_collisions        scene_22_collisions
     0000001D  ___bank_trigger_185_interact       trigger_185_interact
     0000001E  ___bank_scene_25_collisions        scene_25_collisions
     0000001E  ___bank_scene_65_init              scene_65_init
     0000001E  ___bank_scene_8_collisions         scene_8_collisions
     0000001E  ___bank_trigger_187_interact       trigger_187_interact
     0000001F  ___bank_bg_blight_s_memory_p1_ti   bg_blight_s_memory_p1_tilese
     0000001F  ___bank_scene_31_collisions        scene_31_collisions
     0000001F  ___bank_script_timer_0             script_timer_0
     0000001F  ___bank_song_featherfire_deprese   song_featherfire_depresed0_D
     00000020  ___bank_scene_16_init              scene_16_init
     00000020  ___bank_scene_33_collisions        scene_33_collisions
     00000020  ___bank_scene_40_sprites           scene_40_sprites
     00000020  ___bank_song_featherfire_deprese   song_featherfire_depresedja_
     00000021  ___bank_scene_18_init              scene_18_init
     00000021  ___bank_scene_34_collisions        scene_34_collisions
     00000021  ___bank_song_featherfire_deprese   song_featherfire_depresedja_
     00000021  b_parallax_init                    parallax
     00000022  ___bank_actor_63_update            actor_63_update
     00000022  ___bank_scene_35_collisions        scene_35_collisions
     00000022  ___bank_script_7                   script_7
     00000022  ___bank_song_featherfire_ember_D   song_featherfire_ember_Data
     00000023  ___bank_bg_settings_tileset        bg_settings_tileset
     00000023  ___bank_scene_36_collisions        scene_36_collisions
     00000023  ___bank_song_featherfire_emberja   song_featherfire_emberjam_Da
     00000023  ___bank_sprite_cedric_dust_tiles   sprite_cedric_dust_tileset
     00000024  ___bank_VM_GAMEBOY                 vm_gameboy
     00000024  ___bank_scene_37_collisions        scene_37_collisions
     00000024  ___bank_script_timer_10            script_timer_10
     00000024  ___bank_song_featherfire_cedric_   song_featherfire_cedric_Data
     00000024  b_vm_context_prepare               vm_gameboy
     00000024  b_vm_fade                          vm_gameboy
     00000024  b_vm_get_tile_xy                   vm_gameboy
     00000024  b_vm_input_attach                  vm_gameboy
     00000024  b_vm_input_detach                  vm_gameboy
     00000024  b_vm_input_get                     vm_gameboy
     00000024  b_vm_input_wait                    vm_gameboy
     00000024  b_vm_load_tileset                  vm_gameboy
     00000024  b_vm_poll                          vm_gameboy
     00000024  b_vm_replace_tile                  vm_gameboy
     00000024  b_vm_replace_tile_xy               vm_gameboy
     00000024  b_vm_rumble                        vm_gameboy
     00000024  b_vm_set_sprite_mode               vm_gameboy
ASxxxx Linker V03.00/V05.40 + sdld,  page 6.
Hexadecimal  [32-Bits]

Area                                    Addr        Size        Decimal Bytes (Attributes)
--------------------------------        ----        ----        ------- ----- ------------
.  .ABS.                            00000000    00000000 =           0. bytes (ABS,CON)

      Value  Global                              Global Defined In Module
      -----  --------------------------------   ------------------------
     00000024  b_vm_set_sprites_visible           vm_gameboy
     00000024  b_vm_timer_prepare                 vm_gameboy
     00000024  b_vm_timer_reset                   vm_gameboy
     00000024  b_vm_timer_set                     vm_gameboy
     00000024  b_vm_timer_stop                    vm_gameboy
     00000025  ___bank_bg_cc_computer_tileset     bg_cc_computer_tileset
     00000025  ___bank_scene_11_init              scene_11_init
     00000025  ___bank_song_lunabound_Data        song_lunabound_Data
     00000025  ___bank_song_lunaboundjam_Data     song_lunaboundjam_Data
     00000026  ___bank_actor_15_interact          actor_15_interact
     00000026  ___bank_bg_venus_landing_site_ti   bg_venus_landing_site_tilese
     00000026  ___bank_song_alchemist_energy_0_   song_alchemist_energy_0_Data
     00000026  ___bank_song_alchemist_energy_ba   song_alchemist_energy_battl_
     00000027  ___bank_bg_earth_burnclaw_forest   bg_earth_burnclaw_forest_cr_
     00000027  ___bank_song_alchemist_energy_ba   song_alchemist_energy_battl_
     00000027  ___bank_song_alchemist_energyjam   song_alchemist_energyjam_Dat
     00000027  ___bank_trigger_188_interact       trigger_188_interact
     00000027  l__GSINIT                       
     00000028  ___bank_VM_ACTOR                   vm_actor
     00000028  ___bank_bg_earth_burnclaw_forest   bg_earth_burnclaw_forest_ca_
     00000028  ___bank_bg_earth_burnclaw_forest   bg_earth_burnclaw_forest_cr_
     00000028  ___bank_song_featherfire_cedricj   song_featherfire_cedricjam_D
     00000028  ___bank_sprite_spike_hammer        sprite_spike_hammer
     00000028  b_vm_actor_activate                vm_actor
     00000028  b_vm_actor_begin_update            vm_actor
     00000028  b_vm_actor_deactivate              vm_actor
     00000028  b_vm_actor_emote                   vm_actor
     00000028  b_vm_actor_get_angle               vm_actor
     00000028  b_vm_actor_get_anim_frame          vm_actor
     00000028  b_vm_actor_get_dir                 vm_actor
     00000028  b_vm_actor_get_pos                 vm_actor
     00000028  b_vm_actor_move_cancel             vm_actor
     00000028  b_vm_actor_move_to                 vm_actor
     00000028  b_vm_actor_replace_tile            vm_actor
     00000028  b_vm_actor_set_anim                vm_actor
     00000028  b_vm_actor_set_anim_frame          vm_actor
     00000028  b_vm_actor_set_anim_set            vm_actor
     00000028  b_vm_actor_set_anim_tick           vm_actor
     00000028  b_vm_actor_set_bounds              vm_actor
     00000028  b_vm_actor_set_dir                 vm_actor
     00000028  b_vm_actor_set_flags               vm_actor
     00000028  b_vm_actor_set_move_speed          vm_actor
     00000028  b_vm_actor_set_pos                 vm_actor
     00000028  b_vm_actor_set_spritesheet         vm_actor
     00000028  b_vm_actor_set_spritesheet_by_re   vm_actor
     00000028  b_vm_actor_terminate_update        vm_actor
     00000029  ___bank_VM_UI                      vm_ui
     00000029  ___bank_bg_earth_burnclaw_forest   bg_earth_burnclaw_forest_ca_
     00000029  ___bank_bg_luna_serenity_cave_up   bg_luna_serenity_cave_upper_
     00000029  ___bank_bg_luna_serenity_cave_up   bg_luna_serenity_cave_upper_
     00000029  ___bank_scene_51_triggers          scene_51_triggers
ASxxxx Linker V03.00/V05.40 + sdld,  page 7.
Hexadecimal  [32-Bits]

Area                                    Addr        Size        Decimal Bytes (Attributes)
--------------------------------        ----        ----        ------- ----- ------------
.  .ABS.                            00000000    00000000 =           0. bytes (ABS,CON)

      Value  Global                              Global Defined In Module
      -----  --------------------------------   ------------------------
     00000029  b_vm_choice                        vm_ui
     00000029  b_vm_display_text                  vm_ui
     00000029  b_vm_overlay_clear                 vm_ui
     00000029  b_vm_overlay_move_to               vm_ui
     00000029  b_vm_overlay_scroll                vm_ui
     00000029  b_vm_overlay_set_map               vm_ui
     00000029  b_vm_overlay_set_scroll            vm_ui
     00000029  b_vm_overlay_set_submap            vm_ui
     00000029  b_vm_overlay_set_submap_ex         vm_ui
     00000029  b_vm_overlay_setpos                vm_ui
     00000029  b_vm_overlay_show                  vm_ui
     00000029  b_vm_overlay_wait                  vm_ui
     00000029  b_vm_set_font                      vm_ui
     00000029  b_vm_set_text_sound                vm_ui
     00000029  b_vm_switch_text_layer             vm_ui
     0000002A  ___bank_bg_level_3_tileset         bg_level_3_tileset
     0000002A  ___bank_bg_luna_serenity_forest_   bg_luna_serenity_forest_tile
     0000002A  ___bank_bg_luna_serenity_forest_   bg_luna_serenity_forest_tile
     0000002A  ___bank_bg_luna_serenity_outskir   bg_luna_serenity_outskirts_t
     0000002A  ___bank_trigger_116_interact       trigger_116_interact
     0000002B  ___bank_bg_luna_serenity_outskir   bg_luna_serenity_outskirts_t
     0000002B  ___bank_bg_luna_sewer_system_til   bg_luna_sewer_system_tilemap
     0000002B  ___bank_bg_luna_sewer_system_til   bg_luna_sewer_system_tilemap
     0000002B  ___bank_script_input_0             script_input_0
     0000002B  b_scroll_init                      scroll
     0000002B  b_scroll_repaint                   scroll
     0000002B  b_scroll_reset                     scroll
     0000002B  b_scroll_update                    scroll
     0000002C  ___bank_bg_cc_title_frame_tilese   bg_cc_title_frame_tileset
     0000002C  ___bank_bg_venus_ac_ventilation2   bg_venus_ac_ventilation2_til
     0000002C  ___bank_bg_venus_ac_ventilation_   bg_venus_ac_ventilation_tile
     0000002C  ___bank_bg_venus_ac_ventilation_   bg_venus_ac_ventilation_tile
     0000002C  ___bank_bootstrap_script           
     0000002C  b_itoa_fmt                         vm_ui_a
     0000002D  ___bank_actor_18_interact          actor_18_interact
     0000002D  ___bank_bg_venus_ac_ventilation2   bg_venus_ac_ventilation2_til
     0000002D  ___bank_bg_venus_office_access_t   bg_venus_office_access_tilem
     0000002D  ___bank_bg_venus_office_access_t   bg_venus_office_access_tilem
     0000002D  b_adventure_init                   adventure
     0000002D  b_adventure_update                 adventure
     0000002E  ___bank_bg_venus_police_departme   bg_venus_police_department__
     0000002E  ___bank_bg_venus_police_departme   bg_venus_police_department__
     0000002E  ___bank_scene_15_collisions        scene_15_collisions
     0000002E  ___bank_script_input_9             script_input_9
     0000002E  ___bank_trigger_190_interact       trigger_190_interact
     0000002E  b_topdown_init                     topdown
     0000002E  b_topdown_update                   topdown
     0000002F  ___bank_bg_jems_background_tiles   bg_jems_background_tileset
     0000002F  ___bank_scene_21_collisions        scene_21_collisions
     0000002F  ___bank_scene_23_collisions        scene_23_collisions
     0000002F  ___bank_scene_24_collisions        scene_24_collisions
ASxxxx Linker V03.00/V05.40 + sdld,  page 8.
Hexadecimal  [32-Bits]

Area                                    Addr        Size        Decimal Bytes (Attributes)
--------------------------------        ----        ----        ------- ----- ------------
.  .ABS.                            00000000    00000000 =           0. bytes (ABS,CON)

      Value  Global                              Global Defined In Module
      -----  --------------------------------   ------------------------
     0000002F  ___bank_scene_43_sprites           scene_43_sprites
     0000002F  ___bank_sprite_flare_static        sprite_flare_static
     00000030  ___bank_actor_2_interact           actor_2_interact
     00000030  ___bank_scene_26_collisions        scene_26_collisions
     00000030  ___bank_scene_43_collisions        scene_43_collisions
     00000030  ___bank_scene_44_collisions        scene_44_collisions
     00000030  ___bank_script_3                   script_3
     00000030  l__HEADER7                      
     00000031  ___bank_scene_45_collisions        scene_45_collisions
     00000031  ___bank_scene_46_collisions        scene_46_collisions
     00000031  ___bank_scene_54_collisions        scene_54_collisions
     00000031  ___bank_scene_55_init              scene_55_init
     00000031  ___bank_trigger_120_interact       trigger_120_interact
     00000032  ___bank_bg_mercury_landing_site_   bg_mercury_landing_site_tile
     00000032  ___bank_scene_55_collisions        scene_55_collisions
     00000032  ___bank_song_darkness_inboundjam   song_darkness_inboundjam_Dat
     00000032  ___bank_song_wolfsbane_castle_co   song_wolfsbane_castle_copy_D
     00000032  ___bank_trigger_195_interact       trigger_195_interact
     00000033  ___bank_bg_earth_distortion_moun   bg_earth_distortion_mountai_
     00000033  ___bank_scene_39_init              scene_39_init
     00000033  ___bank_script_11                  script_11
     00000033  ___bank_script_4                   script_4
     00000033  b_SIO_init                         sio
     00000034  ___bank_bg_luna_serenity_cave_lo   bg_luna_serenity_cave_lower_
     00000034  ___bank_script_input_35            script_input_35
     00000034  ___bank_song_unknown_wilds_Data    song_unknown_wilds_Data
     00000034  ___bank_song_wolfsbane_castle_Da   song_wolfsbane_castle_Data
     00000034  ___bank_song_wolfsbane_castlejam   song_wolfsbane_castlejam_Dat
     00000035  ___bank_bg_earth_shuttle_bay_til   bg_earth_shuttle_bay_tilemap
     00000035  ___bank_bg_earth_shuttle_bay_til   bg_earth_shuttle_bay_tilemap
     00000035  ___bank_font_gbs_mono              font_gbs_mono
     00000035  ___bank_script_input_30            script_input_30
     00000035  ___bank_song_unknown_wildsjam_Da   song_unknown_wildsjam_Data
     00000036  ___bank_avatar_font_0              avatar_font_0
     00000036  ___bank_scene_9_collisions         scene_9_collisions
     00000036  ___bank_script_18                  script_18
     00000036  ___bank_song_wolf_city_distiorti   song_wolf_city_distiortion__
     00000036  ___bank_song_wolf_city_distiorti   song_wolf_city_distiortion__
     00000037  ___bank_script_12                  script_12
     00000037  ___bank_script_8                   script_8
     00000037  ___bank_song_uncertain_wilds_0_D   song_uncertain_wilds_0_Data
     00000037  ___bank_song_uncertain_wilds_bat   song_uncertain_wilds_battle_
     00000037  ___bank_song_uncertain_wilds_cop   song_uncertain_wilds_copy_Da
     00000037  ___bank_song_uncertain_wildsjam_   song_uncertain_wildsjam_Data
     00000038  ___bank_VM_MAIN                    vm
     00000038  ___bank_scene_30_sprites           scene_30_sprites
     00000038  ___bank_scene_41_init              scene_41_init
     00000038  ___bank_song_taking_flight_0_Dat   song_taking_flight_0_Data
     00000038  ___bank_song_taking_flightjam_Da   song_taking_flightjam_Data
     00000038  b_script_detach_hthread            vm
     00000038  b_script_execute                   vm
ASxxxx Linker V03.00/V05.40 + sdld,  page 9.
Hexadecimal  [32-Bits]

Area                                    Addr        Size        Decimal Bytes (Attributes)
--------------------------------        ----        ----        ------- ----- ------------
.  .ABS.                            00000000    00000000 =           0. bytes (ABS,CON)

      Value  Global                              Global Defined In Module
      -----  --------------------------------   ------------------------
     00000038  b_script_runner_init               vm
     00000038  b_script_terminate                 vm
     00000038  b_shmup_init                       shmup
     00000038  b_shmup_update                     shmup
     00000038  b_vm_call                          vm
     00000038  b_vm_call_far                      vm
     00000038  b_vm_get_indirect                  vm
     00000038  b_vm_get_tlocal                    vm
     00000038  b_vm_idle                          vm
     00000038  b_vm_if                            vm
     00000038  b_vm_if_const                      vm
     00000038  b_vm_init_rng                      vm
     00000038  b_vm_invoke                        vm
     00000038  b_vm_join                          vm
     00000038  b_vm_jump                          vm
     00000038  b_vm_lock                          vm
     00000038  b_vm_loop                          vm
     00000038  b_vm_memcpy                        vm
     00000038  b_vm_memset                        vm
     00000038  b_vm_poll_loaded                   vm
     00000038  b_vm_pop                           vm
     00000038  b_vm_push                          vm
     00000038  b_vm_push_reference                vm
     00000038  b_vm_push_value                    vm
     00000038  b_vm_push_value_ind                vm
     00000038  b_vm_raise                         vm
     00000038  b_vm_rand                          vm
     00000038  b_vm_reserve                       vm
     00000038  b_vm_ret                           vm
     00000038  b_vm_ret_far                       vm
     00000038  b_vm_set                           vm
     00000038  b_vm_set_const                     vm
     00000038  b_vm_set_indirect                  vm
     00000038  b_vm_terminate                     vm
     00000038  b_vm_test_terminate                vm
     00000038  b_vm_unlock                        vm
     00000038  b_wait_frames                      vm
     00000039  ___bank_bg_luna_serenity_cave_lo   bg_luna_serenity_cave_lower_
     00000039  ___bank_bg_mercury_throne_room_t   bg_mercury_throne_room_tilem
     00000039  ___bank_bg_mercury_throne_room_t   bg_mercury_throne_room_tilem
     00000039  ___bank_emote_anger                emote_anger
     00000039  ___bank_scene_27_collisions        scene_27_collisions
     00000039  ___bank_scene_38_collisions        scene_38_collisions
     0000003A  ___bank_bg_earth_shuttle_bay_til   bg_earth_shuttle_bay_tileset
     0000003A  ___bank_bg_earth_shuttle_bay_upp   bg_earth_shuttle_bay_upper_t
     0000003A  ___bank_bg_level_1_tileset         bg_level_1_tileset
     0000003A  ___bank_bg_luna_peryil_s_house_t   bg_luna_peryil_s_house_tiles
     0000003A  ___bank_bg_mercury_overflow_pass   bg_mercury_overflow_passage_
     0000003A  ___bank_scene_12_triggers          scene_12_triggers
     0000003A  ___bank_script_13                  script_13
     0000003B  ___bank_actor_1_update             actor_1_update
ASxxxx Linker V03.00/V05.40 + sdld,  page 10.
Hexadecimal  [32-Bits]

Area                                    Addr        Size        Decimal Bytes (Attributes)
--------------------------------        ----        ----        ------- ----- ------------
.  .ABS.                            00000000    00000000 =           0. bytes (ABS,CON)

      Value  Global                              Global Defined In Module
      -----  --------------------------------   ------------------------
     0000003B  ___bank_bg_a_unknown_menu_tilese   bg_a_unknown_menu_tileset
     0000003B  ___bank_bg_luna_serenity_forest_   bg_luna_serenity_forest_tile
     0000003B  ___bank_bg_mercury_throne_room_t   bg_mercury_throne_room_tiles
     0000003B  ___bank_bg_mercury_viewing_area_   bg_mercury_viewing_area_tile
     0000003B  ___bank_scene_28_init              scene_28_init
     0000003B  b_do_load_palette                  data_manager
     0000003B  b_load_background                  data_manager
     0000003B  b_load_bkg_tileset                 data_manager
     0000003B  b_load_bounds                      data_manager
     0000003B  b_load_emote                       data_manager
     0000003B  b_load_init                        data_manager
     0000003B  b_load_player                      data_manager
     0000003B  b_load_scene                       data_manager
     0000003B  b_load_sprite                      data_manager
     0000003C  ___bank_VM_LOAD_SAVE               vm_load_save
     0000003C  ___bank_bg_menu_load_background_   bg_menu_load_background_tile
     0000003C  ___bank_bg_mercury_poison_storag   bg_mercury_poison_storage_ti
     0000003C  ___bank_bg_venus_defence_tunnel_   bg_venus_defence_tunnel_tile
     0000003C  ___bank_bg_venus_defence_tunnel_   bg_venus_defence_tunnel_tile
     0000003C  ___bank_bg_venus_dropshaft_0_til   bg_venus_dropshaft_0_tilemap
     0000003C  ___bank_scene_29_init              scene_29_init
     0000003C  ___bank_scene_30_init              scene_30_init
     0000003C  b_vm_save_clear                    vm_load_save
     0000003C  b_vm_save_peek                     vm_load_save
     0000003D  ___bank_actor_16_interact          actor_16_interact
     0000003D  ___bank_bg_game_menu_tilemap_att   bg_game_menu_tilemap_attr
     0000003D  ___bank_bg_level_2_tileset         bg_level_2_tileset
     0000003D  ___bank_bg_venus_dropshaft_0_til   bg_venus_dropshaft_0_tilemap
     0000003D  ___bank_bg_venus_dropshaft_1_til   bg_venus_dropshaft_1_tilemap
     0000003D  ___bank_bg_venus_dropshaft_1_til   bg_venus_dropshaft_1_tilemap
     0000003D  ___bank_scene_47_collisions        scene_47_collisions
     0000003D  ___bank_scene_49_collisions        scene_49_collisions
     0000003D  ___bank_scene_50_collisions        scene_50_collisions
     0000003E  ___bank_actor_46_update            actor_46_update
     0000003E  ___bank_bg_cc_hammers_tilemap      bg_cc_hammers_tilemap
     0000003E  ___bank_bg_cc_hammers_tilemap_at   bg_cc_hammers_tilemap_attr
     0000003E  ___bank_bg_earth_level_1_intro_t   bg_earth_level_1_intro_tiles
     0000003E  ___bank_bg_earth_shuttle_bay_wat   bg_earth_shuttle_bay_water_t
     0000003E  ___bank_bg_hud_ui_tileset          bg_hud_ui_tileset
     0000003E  ___bank_bg_mercury_poison_proces   bg_mercury_poison_processin_
     0000003E  ___bank_scene_31_sprites           scene_31_sprites
     0000003E  ___bank_scene_34_triggers          scene_34_triggers
     0000003E  ___bank_scene_66_collisions        scene_66_collisions
     0000003F  ___bank_bg_earth_burnclaw_forest   bg_earth_burnclaw_forest_til
     0000003F  ___bank_bg_earth_shuttle_bay_wat   bg_earth_shuttle_bay_water_t
     0000003F  ___bank_bg_mercury_secret_area_t   bg_mercury_secret_area_tilem
     0000003F  ___bank_bg_mercury_secret_area_t   bg_mercury_secret_area_tilem
     0000003F  ___bank_bg_venus_evidence_room_t   bg_venus_evidence_room_tilem
     0000003F  ___bank_bg_venus_evidence_room_t   bg_venus_evidence_room_tilem
     0000003F  ___bank_scene_12_collisions        scene_12_collisions
     0000003F  ___bank_scene_32_collisions        scene_32_collisions
ASxxxx Linker V03.00/V05.40 + sdld,  page 11.
Hexadecimal  [32-Bits]

Area                                    Addr        Size        Decimal Bytes (Attributes)
--------------------------------        ----        ----        ------- ----- ------------
.  .ABS.                            00000000    00000000 =           0. bytes (ABS,CON)

      Value  Global                              Global Defined In Module
      -----  --------------------------------   ------------------------
     0000003F  ___bank_scene_51_collisions        scene_51_collisions
     0000003F  ___bank_scene_9_init               scene_9_init
     0000003F  ___bank_script_timer_98            script_timer_98
     0000003F  ___bank_trigger_180_interact       trigger_180_interact
     00000040  ___bank_bg_cc_hammers_tileset      bg_cc_hammers_tileset
     00000040  ___bank_bg_earth_burnclaw_forest   bg_earth_burnclaw_forest_cr_
     00000040  ___bank_bg_earth_shuttle_bay_wat   bg_earth_shuttle_bay_water_t
     00000040  ___bank_bg_game_menu_tileset       bg_game_menu_tileset
     00000040  ___bank_bg_luna_serenity_cave_up   bg_luna_serenity_cave_upper_
     00000040  ___bank_bg_luna_serenity_outskir   bg_luna_serenity_outskirts_t
     00000040  ___bank_bg_mercury_secret_area_t   bg_mercury_secret_area_tiles
     00000040  ___bank_bg_venus_ac_ventilation_   bg_venus_ac_ventilation_tile
     00000040  ___bank_bg_venus_office_access_t   bg_venus_office_access_tiles
     00000040  ___bank_bg_venus_police_departme   bg_venus_police_department__
     00000040  ___bank_scene_16_collisions        scene_16_collisions
     00000040  ___bank_scene_53_init              scene_53_init
     00000040  ___bank_scene_66_sprites           scene_66_sprites
     00000040  b_projectile_launch                projectiles
     00000040  b_projectiles_init                 projectiles
     00000041  ___bank_VM_CAMERA                  vm_camera
     00000041  ___bank_bg_blight_s_memory_p1_ti   bg_blight_s_memory_p1_tilema
     00000041  ___bank_bg_blight_s_memory_p1_ti   bg_blight_s_memory_p1_tilema
     00000041  ___bank_bg_cc_intro_cutscene_til   bg_cc_intro_cutscene_tileset
     00000041  ___bank_bg_earth_burnclaw_forest   bg_earth_burnclaw_forest_ca_
     00000041  ___bank_bg_game_menu_copy_tilese   bg_game_menu_copy_tileset
     00000041  ___bank_bg_platformer_test01_til   bg_platformer_test01_tileset
     00000041  ___bank_bg_venus_dropshaft_1_til   bg_venus_dropshaft_1_tileset
     00000041  ___bank_bg_venus_evidence_room_t   bg_venus_evidence_room_tiles
     00000041  ___bank_scene_31_init              scene_31_init
     00000041  ___bank_scene_40_collisions        scene_40_collisions
     00000041  ___bank_sprite_ember_stationary    sprite_ember_stationary
     00000041  b___HandleCrash_banked             
     00000041  b_camera_shake_frames              vm_camera
     00000041  b_core_reset                       core
     00000041  b_core_run                         core
     00000041  b_data_clear                       load_save
     00000041  b_data_init                        load_save
     00000041  b_data_load                        load_save
     00000041  b_data_peek                        load_save
     00000041  b_data_save                        load_save
     00000041  b_pointnclick_init                 pointnclick
     00000041  b_pointnclick_update               pointnclick
     00000041  b_trigger_activate_at              trigger
     00000041  b_trigger_activate_at_intersecti   trigger
     00000041  b_trigger_at_intersection          trigger
     00000041  b_trigger_at_tile                  trigger
     00000041  b_trigger_interact                 trigger
     00000041  b_trigger_reset                    trigger
     00000041  b_vm_camera_move_to                vm_camera
     00000041  b_vm_camera_set_pos                vm_camera
     00000042  ___bank_VM_PALETTE                 vm_palette
ASxxxx Linker V03.00/V05.40 + sdld,  page 12.
Hexadecimal  [32-Bits]

Area                                    Addr        Size        Decimal Bytes (Attributes)
--------------------------------        ----        ----        ------- ----- ------------
.  .ABS.                            00000000    00000000 =           0. bytes (ABS,CON)

      Value  Global                              Global Defined In Module
      -----  --------------------------------   ------------------------
     00000042  ___bank_VM_SIO                     vm_sio
     00000042  ___bank_actor_10_update            actor_10_update
     00000042  ___bank_actor_23_interact          actor_23_interact
     00000042  ___bank_bg_earth_level_1_intro_t   bg_earth_level_1_intro_tilem
     00000042  ___bank_bg_earth_shuttle_bay_sec   bg_earth_shuttle_bay_secret_
     00000042  ___bank_bg_luna_boss_room_tilese   bg_luna_boss_room_tileset
     00000042  ___bank_bg_luna_serenity_cave_lo   bg_luna_serenity_cave_lower_
     00000042  ___bank_bg_venus_ac_ventilation2   bg_venus_ac_ventilation2_til
     00000042  ___bank_scene_18_collisions        scene_18_collisions
     00000042  ___bank_scene_21_init              scene_21_init
     00000042  ___bank_scene_23_init              scene_23_init
     00000042  ___bank_scene_43_init              scene_43_init
     00000042  ___bank_scene_51_init              scene_51_init
     00000042  ___bank_scene_52_init              scene_52_init
     00000042  ___bank_scene_60_init              scene_60_init
     00000042  ___bank_scene_66_actors            scene_66_actors
     00000042  ___bank_scene_66_init              scene_66_init
     00000042  ___bank_script_9                   script_9
     00000042  ___bank_sprite_light_animated_co   sprite_light_animated_copy__
     00000042  ___bank_sprite_number_ui_tileset   sprite_number_ui_tileset
     00000042  ___bank_sprite_speed_selection_t   sprite_speed_selection_tiles
     00000042  ___bank_trigger_215_interact       trigger_215_interact
     00000042  b_atan2                            math_atan2
     00000042  b_fade_applypalettechange          fade_manager
     00000042  b_fade_in                          fade_manager
     00000042  b_fade_in_modal                    fade_manager
     00000042  b_fade_init                        fade_manager
     00000042  b_fade_out                         fade_manager
     00000042  b_fade_out_modal                   fade_manager
     00000042  b_fade_setspeed                    fade_manager
     00000042  b_fade_update                      fade_manager
     00000042  b_gbprinter_detect                 gbprinter
     00000042  b_gbprinter_print_overlay          gbprinter
     00000042  b_vm_load_palette                  vm_palette
     00000042  b_vm_sio_exchange                  vm_sio
     00000042  b_vm_sio_set_mode                  vm_sio
     00000043  ___bank_actor_24_update            actor_24_update
     00000043  ___bank_bg_earth_shuttle_bay_sec   bg_earth_shuttle_bay_secret_
     00000043  ___bank_bg_earth_shuttle_bay_sec   bg_earth_shuttle_bay_secret_
     00000043  ___bank_bg_game_menu_tilemap       bg_game_menu_tilemap
     00000043  ___bank_bg_hud_ui_tilemap          bg_hud_ui_tilemap
     00000043  ___bank_bg_hud_ui_tilemap_attr     bg_hud_ui_tilemap_attr
     00000043  ___bank_bg_jems_background_tilem   bg_jems_background_tilemap
     00000043  ___bank_bg_jems_background_tilem   bg_jems_background_tilemap_a
     00000043  ___bank_bg_level_1_tilemap         bg_level_1_tilemap
     00000043  ___bank_bg_level_1_tilemap_attr    bg_level_1_tilemap_attr
     00000043  ___bank_bg_level_2_tilemap         bg_level_2_tilemap
     00000043  ___bank_bg_level_2_tilemap_attr    bg_level_2_tilemap_attr
     00000043  ___bank_bg_level_3_tilemap         bg_level_3_tilemap
     00000043  ___bank_bg_level_3_tilemap_attr    bg_level_3_tilemap_attr
     00000043  ___bank_bg_level_4_tilemap         bg_level_4_tilemap
ASxxxx Linker V03.00/V05.40 + sdld,  page 13.
Hexadecimal  [32-Bits]

Area                                    Addr        Size        Decimal Bytes (Attributes)
--------------------------------        ----        ----        ------- ----- ------------
.  .ABS.                            00000000    00000000 =           0. bytes (ABS,CON)

      Value  Global                              Global Defined In Module
      -----  --------------------------------   ------------------------
     00000043  ___bank_bg_level_4_tilemap_attr    bg_level_4_tilemap_attr
     00000043  ___bank_bg_luna_boss_room_tilema   bg_luna_boss_room_tilemap
     00000043  ___bank_bg_luna_boss_room_tilema   bg_luna_boss_room_tilemap_at
     00000043  ___bank_bg_menu_load_background_   bg_menu_load_background_tile
     00000043  ___bank_bg_menu_load_background_   bg_menu_load_background_tile
     00000043  ___bank_bg_no_map_tilemap          bg_no_map_tilemap
     00000043  ___bank_bg_no_map_tilemap_attr     bg_no_map_tilemap_attr
     00000043  ___bank_bg_placeholder_tilemap     bg_placeholder_tilemap
     00000043  ___bank_bg_placeholder_tilemap_a   bg_placeholder_tilemap_attr
     00000043  ___bank_bg_settings_tilemap        bg_settings_tilemap
     00000043  ___bank_bg_settings_tilemap_attr   bg_settings_tilemap_attr
     00000043  ___bank_bg_venus_defence_tunnel_   bg_venus_defence_tunnel_tile
     00000043  ___bank_bg_venus_office_tileset    bg_venus_office_tileset
     00000043  ___bank_scene_10_collisions        scene_10_collisions
     00000043  ___bank_scene_20_init              scene_20_init
     00000043  ___bank_scene_28_collisions        scene_28_collisions
     00000043  ___bank_scene_41_collisions        scene_41_collisions
     00000043  ___bank_scene_54_init              scene_54_init
     00000043  ___bank_script_17                  script_17
     00000043  ___bank_script_input_24            script_input_24
     00000043  ___bank_sprite_ember_foxphoenix    sprite_ember_foxphoenix
     00000043  ___bank_sprite_ember_phoenix_cop   sprite_ember_phoenix_copy
     00000043  ___bank_sprite_ember_stationary_   sprite_ember_stationary_tile
     00000043  ___bank_sprite_flare_static_tile   sprite_flare_static_tileset
     00000043  ___bank_sprite_light_animated_co   sprite_light_animated_copy_
     00000043  ___bank_sprite_perlite_animated_   sprite_perlite_animated_tile
     00000043  ___bank_trigger_101_interact       trigger_101_interact
     00000043  b_set_sgb_border                   sgb_border
     00000044  ___bank_VM_MUSIC                   vm_music
     00000044  ___bank_bg_no_map_tileset          bg_no_map_tileset
     00000044  ___bank_bg_temporal_light_backgr   bg_temporal_light_backgroun_
     00000044  ___bank_bg_temporal_light_backgr   bg_temporal_light_backgroun_
     00000044  ___bank_bg_title_tilemap           bg_title_tilemap
     00000044  ___bank_bg_title_tilemap_attr      bg_title_tilemap_attr
     00000044  ___bank_bg_venus_office_tilemap    bg_venus_office_tilemap
     00000044  ___bank_bg_venus_office_tilemap_   bg_venus_office_tilemap_attr
     00000044  ___bank_bg_warning_tilemap         bg_warning_tilemap
     00000044  ___bank_bg_warning_tilemap_attr    bg_warning_tilemap_attr
     00000044  ___bank_scene_1_collisions         scene_1_collisions
     00000044  ___bank_scene_2_collisions         scene_2_collisions
     00000044  ___bank_scene_3_collisions         scene_3_collisions
     00000044  ___bank_scene_48_collisions        scene_48_collisions
     00000044  ___bank_scene_4_collisions         scene_4_collisions
     00000044  ___bank_scene_56_collisions        scene_56_collisions
     00000044  ___bank_scene_57_collisions        scene_57_collisions
     00000044  ___bank_scene_58_collisions        scene_58_collisions
     00000044  ___bank_scene_59_collisions        scene_59_collisions
     00000044  ___bank_scene_5_collisions         scene_5_collisions
     00000044  ___bank_scene_60_collisions        scene_60_collisions
     00000044  ___bank_scene_62_collisions        scene_62_collisions
     00000044  ___bank_scene_63_collisions        scene_63_collisions
ASxxxx Linker V03.00/V05.40 + sdld,  page 14.
Hexadecimal  [32-Bits]

Area                                    Addr        Size        Decimal Bytes (Attributes)
--------------------------------        ----        ----        ------- ----- ------------
.  .ABS.                            00000000    00000000 =           0. bytes (ABS,CON)

      Value  Global                              Global Defined In Module
      -----  --------------------------------   ------------------------
     00000044  ___bank_scene_64_collisions        scene_64_collisions
     00000044  ___bank_scene_65_collisions        scene_65_collisions
     00000044  ___bank_scene_67_collisions        scene_67_collisions
     00000044  ___bank_scene_68_collisions        scene_68_collisions
     00000044  ___bank_scene_69_collisions        scene_69_collisions
     00000044  ___bank_scene_6_collisions         scene_6_collisions
     00000044  ___bank_scene_70_collisions        scene_70_collisions
     00000044  ___bank_scene_71_collisions        scene_71_collisions
     00000044  ___bank_scene_72_collisions        scene_72_collisions
     00000044  ___bank_scene_7_collisions         scene_7_collisions
     00000044  ___bank_script_16                  script_16
     00000044  ___bank_script_input_12            script_input_12
     00000044  ___bank_script_input_22            script_input_22
     00000044  ___bank_sprite_actor_animated_ti   sprite_actor_animated_tilese
     00000044  ___bank_sprite_cedric_tileset      sprite_cedric_tileset
     00000044  ___bank_sprite_ember_dragon_copy   sprite_ember_dragon_copy_til
     00000044  ___bank_sprite_ember_foxphoenix_   sprite_ember_foxphoenix_tile
     00000044  ___bank_sprite_ember_phoenix_top   sprite_ember_phoenix_topdow
     00000044  ___bank_sprite_ember_phoenix_top   sprite_ember_phoenix_topdow_
     00000044  ___bank_sprite_jem_animated_tile   sprite_jem_animated_tileset
     00000044  ___bank_sprite_light_animated_co   sprite_light_animated_copy_t
     00000044  ___bank_sprite_light_animated_pl   sprite_light_animated_platf_
     00000044  ___bank_sprite_robot_animated_pl   sprite_robot_animated_platf_
     00000044  ___bank_sprite_sly_slimeball_cop   sprite_sly_slimeball_copy_ti
     00000044  b_vm_music_mute                    vm_music
     00000044  b_vm_music_play                    vm_music
     00000044  b_vm_music_routine                 vm_music
     00000044  b_vm_music_setpos                  vm_music
     00000044  b_vm_music_stop                    vm_music
     00000044  b_vm_sfx_play                      vm_music
     00000044  b_vm_sound_mastervol               vm_music
     00000045  ___bank_VM_GBPRINTER               vm_gbprinter
     00000045  ___bank_VM_MATH                    vm_math
     00000045  ___bank_VM_PROJECTILE              vm_projectiles
     00000045  ___bank_VM_RTC                     vm_rtc
     00000045  ___bank_VM_SCENE                   vm_scene
     00000045  ___bank_actor_19_interact          actor_19_interact
     00000045  ___bank_actor_20_interact          actor_20_interact
     00000045  ___bank_actor_21_interact          actor_21_interact
     00000045  ___bank_actor_22_interact          actor_22_interact
     00000045  ___bank_actor_39_interact          actor_39_interact
     00000045  ___bank_actor_3_interact           actor_3_interact
     00000045  ___bank_actor_40_interact          actor_40_interact
     00000045  ___bank_actor_41_interact          actor_41_interact
     00000045  ___bank_actor_46_interact          actor_46_interact
     00000045  ___bank_actor_4_interact           actor_4_interact
     00000045  ___bank_actor_55_interact          actor_55_interact
     00000045  ___bank_actor_57_interact          actor_57_interact
     00000045  ___bank_actor_59_interact          actor_59_interact
     00000045  ___bank_actor_5_interact           actor_5_interact
     00000045  ___bank_actor_60_interact          actor_60_interact
ASxxxx Linker V03.00/V05.40 + sdld,  page 15.
Hexadecimal  [32-Bits]

Area                                    Addr        Size        Decimal Bytes (Attributes)
--------------------------------        ----        ----        ------- ----- ------------
.  .ABS.                            00000000    00000000 =           0. bytes (ABS,CON)

      Value  Global                              Global Defined In Module
      -----  --------------------------------   ------------------------
     00000045  ___bank_actor_61_interact          actor_61_interact
     00000045  ___bank_actor_62_update            actor_62_update
     00000045  ___bank_actor_6_interact           actor_6_interact
     00000045  ___bank_actor_7_interact           actor_7_interact
     00000045  ___bank_actor_8_interact           actor_8_interact
     00000045  ___bank_frame_image                frame_image
     00000045  ___bank_scene_11_actors            scene_11_actors
     00000045  ___bank_scene_19_actors            scene_19_actors
     00000045  ___bank_scene_22_triggers          scene_22_triggers
     00000045  ___bank_scene_26_init              scene_26_init
     00000045  ___bank_scene_34_sprites           scene_34_sprites
     00000045  ___bank_scene_40_actors            scene_40_actors
     00000045  ___bank_scene_42_init              scene_42_init
     00000045  ___bank_scene_54_actors            scene_54_actors
     00000045  ___bank_scene_59_actors            scene_59_actors
     00000045  ___bank_script_1                   script_1
     00000045  ___bank_script_15                  script_15
     00000045  ___bank_script_2                   script_2
     00000045  ___bank_script_6                   script_6
     00000045  ___bank_script_input_13            script_input_13
     00000045  ___bank_script_input_14            script_input_14
     00000045  ___bank_script_input_15            script_input_15
     00000045  ___bank_script_input_16            script_input_16
     00000045  ___bank_script_input_17            script_input_17
     00000045  ___bank_script_input_19            script_input_19
     00000045  ___bank_script_input_20            script_input_20
     00000045  ___bank_script_input_23            script_input_23
     00000045  ___bank_script_input_25            script_input_25
     00000045  ___bank_script_input_26            script_input_26
     00000045  ___bank_script_input_28            script_input_28
     00000045  ___bank_script_input_31            script_input_31
     00000045  ___bank_script_input_37            script_input_37
     00000045  ___bank_script_input_8             script_input_8
     00000045  ___bank_sprite_actor_animated      sprite_actor_animated
     00000045  ___bank_sprite_bullet_copy_tiles   sprite_bullet_copy_tileset
     00000045  ___bank_sprite_bullet_tileset      sprite_bullet_tileset
     00000045  ___bank_sprite_cedric              sprite_cedric
     00000045  ___bank_sprite_cedric_copy_tiles   sprite_cedric_copy_tileset
     00000045  ___bank_sprite_cursor_tileset      sprite_cursor_tileset
     00000045  ___bank_sprite_ember_dragon_copy   sprite_ember_dragon_copy
     00000045  ___bank_sprite_jem_animated_0_ti   sprite_jem_animated_0_tilese
     00000045  ___bank_sprite_light_animated_co   sprite_light_animated_copy
     00000045  ___bank_sprite_light_animated_pl   sprite_light_animated_platf
     00000045  ___bank_sprite_light_key_0_tiles   sprite_light_key_0_tileset
     00000045  ___bank_sprite_light_key_tileset   sprite_light_key_tileset
     00000045  ___bank_sprite_music_type_tilese   sprite_music_type_tileset
     00000045  ___bank_sprite_number_ui           sprite_number_ui
     00000045  ___bank_sprite_phoenix_cop_copy_   sprite_phoenix_cop_copy_tile
     00000045  ___bank_sprite_robot_animated_pl   sprite_robot_animated_platf_
     00000045  ___bank_sprite_shock_tileset       sprite_shock_tileset
     00000045  ___bank_sprite_sly_slimeball       sprite_sly_slimeball
ASxxxx Linker V03.00/V05.40 + sdld,  page 16.
Hexadecimal  [32-Bits]

Area                                    Addr        Size        Decimal Bytes (Attributes)
--------------------------------        ----        ----        ------- ----- ------------
.  .ABS.                            00000000    00000000 =           0. bytes (ABS,CON)

      Value  Global                              Global Defined In Module
      -----  --------------------------------   ------------------------
     00000045  ___bank_sprite_sly_slimeball_cop   sprite_sly_slimeball_copy
     00000045  ___bank_sprite_sly_slimeball_til   sprite_sly_slimeball_tileset
     00000045  ___bank_sprite_spike_hammer_tile   sprite_spike_hammer_tileset
     00000045  ___bank_sprite_swordattack_tiles   sprite_swordattack_tileset
     00000045  ___bank_trigger_104_interact       trigger_104_interact
     00000045  ___bank_trigger_177_interact       trigger_177_interact
     00000045  ___bank_trigger_21_interact        trigger_21_interact
     00000045  b_CGBZeroPalette                   palette
     00000045  b_SGBTransferPalettes              palette
     00000045  b_erase_flash                      
     00000045  b_events_init                      events
     00000045  b_music_events_poll                music_manager
     00000045  b_music_init_driver                music_manager
     00000045  b_music_init_events                music_manager
     00000045  b_palette_init                     palette
     00000045  b_save_sram_banks                  
     00000045  b_timers_init                      events
     00000045  b_vm_cos_scale                     vm_math
     00000045  b_vm_print_detect                  vm_gbprinter
     00000045  b_vm_print_overlay                 vm_gbprinter
     00000045  b_vm_projectile_launch             vm_projectiles
     00000045  b_vm_projectile_load_type          vm_projectiles
     00000045  b_vm_rtc_get                       vm_rtc
     00000045  b_vm_rtc_latch                     vm_rtc
     00000045  b_vm_rtc_set                       vm_rtc
     00000045  b_vm_rtc_start                     vm_rtc
     00000045  b_vm_scene_pop                     vm_scene
     00000045  b_vm_scene_pop_all                 vm_scene
     00000045  b_vm_scene_push                    vm_scene
     00000045  b_vm_scene_stack_reset             vm_scene
     00000045  b_vm_sin_scale                     vm_math
     00000046  ___bank_actor_24_interact          actor_24_interact
     00000046  ___bank_actor_44_update            actor_44_update
     00000046  ___bank_actor_45_update            actor_45_update
     00000046  ___bank_actor_62_interact          actor_62_interact
     00000046  ___bank_actor_63_interact          actor_63_interact
     00000046  ___bank_actor_72_update            actor_72_update
     00000046  ___bank_actor_73_update            actor_73_update
     00000046  ___bank_actor_74_update            actor_74_update
     00000046  ___bank_actor_76_update            actor_76_update
     00000046  ___bank_actor_77_update            actor_77_update
     00000046  ___bank_actor_79_update            actor_79_update
     00000046  ___bank_actor_80_update            actor_80_update
     00000046  ___bank_actor_81_update            actor_81_update
     00000046  ___bank_actor_82_update            actor_82_update
     00000046  ___bank_emote_love                 emote_love
     00000046  ___bank_emote_pause                emote_pause
     00000046  ___bank_emote_question             emote_question
     00000046  ___bank_emote_shock                emote_shock
     00000046  ___bank_emote_sweat                emote_sweat
     00000046  ___bank_palette_0                  palette_0
ASxxxx Linker V03.00/V05.40 + sdld,  page 17.
Hexadecimal  [32-Bits]

Area                                    Addr        Size        Decimal Bytes (Attributes)
--------------------------------        ----        ----        ------- ----- ------------
.  .ABS.                            00000000    00000000 =           0. bytes (ABS,CON)

      Value  Global                              Global Defined In Module
      -----  --------------------------------   ------------------------
     00000046  ___bank_palette_1                  palette_1
     00000046  ___bank_palette_10                 palette_10
     00000046  ___bank_palette_11                 palette_11
     00000046  ___bank_palette_12                 palette_12
     00000046  ___bank_palette_13                 palette_13
     00000046  ___bank_palette_14                 palette_14
     00000046  ___bank_palette_15                 palette_15
     00000046  ___bank_palette_16                 palette_16
     00000046  ___bank_palette_17                 palette_17
     00000046  ___bank_palette_18                 palette_18
     00000046  ___bank_palette_19                 palette_19
     00000046  ___bank_palette_2                  palette_2
     00000046  ___bank_palette_20                 palette_20
     00000046  ___bank_palette_3                  palette_3
     00000046  ___bank_palette_4                  palette_4
     00000046  ___bank_palette_5                  palette_5
     00000046  ___bank_palette_6                  palette_6
     00000046  ___bank_palette_7                  palette_7
     00000046  ___bank_palette_8                  palette_8
     00000046  ___bank_palette_9                  palette_9
     00000046  ___bank_scene_1                    scene_1
     00000046  ___bank_scene_10                   scene_10
     00000046  ___bank_scene_11                   scene_11
     00000046  ___bank_scene_12                   scene_12
     00000046  ___bank_scene_12_init              scene_12_init
     00000046  ___bank_scene_13                   scene_13
     00000046  ___bank_scene_13_init              scene_13_init
     00000046  ___bank_scene_13_triggers          scene_13_triggers
     00000046  ___bank_scene_14                   scene_14
     00000046  ___bank_scene_14_init              scene_14_init
     00000046  ___bank_scene_15                   scene_15
     00000046  ___bank_scene_15_init              scene_15_init
     00000046  ___bank_scene_16                   scene_16
     00000046  ___bank_scene_16_triggers          scene_16_triggers
     00000046  ___bank_scene_17                   scene_17
     00000046  ___bank_scene_18                   scene_18
     00000046  ___bank_scene_19                   scene_19
     00000046  ___bank_scene_1_init               scene_1_init
     00000046  ___bank_scene_2                    scene_2
     00000046  ___bank_scene_20                   scene_20
     00000046  ___bank_scene_21                   scene_21
     00000046  ___bank_scene_22                   scene_22
     00000046  ___bank_scene_22_init              scene_22_init
     00000046  ___bank_scene_23                   scene_23
     00000046  ___bank_scene_24                   scene_24
     00000046  ___bank_scene_24_init              scene_24_init
     00000046  ___bank_scene_25                   scene_25
     00000046  ___bank_scene_25_init              scene_25_init
     00000046  ___bank_scene_25_triggers          scene_25_triggers
     00000046  ___bank_scene_26                   scene_26
     00000046  ___bank_scene_26_triggers          scene_26_triggers
ASxxxx Linker V03.00/V05.40 + sdld,  page 18.
Hexadecimal  [32-Bits]

Area                                    Addr        Size        Decimal Bytes (Attributes)
--------------------------------        ----        ----        ------- ----- ------------
.  .ABS.                            00000000    00000000 =           0. bytes (ABS,CON)

      Value  Global                              Global Defined In Module
      -----  --------------------------------   ------------------------
     00000046  ___bank_scene_27                   scene_27
     00000046  ___bank_scene_28                   scene_28
     00000046  ___bank_scene_28_p_hit1            scene_28_p_hit1
     00000046  ___bank_scene_29                   scene_29
     00000046  ___bank_scene_29_actors            scene_29_actors
     00000046  ___bank_scene_3                    scene_3
     00000046  ___bank_scene_30                   scene_30
     00000046  ___bank_scene_31                   scene_31
     00000046  ___bank_scene_32_init              scene_32_init
     00000046  ___bank_scene_32_triggers          scene_32_triggers
     00000046  ___bank_scene_33_actors            scene_33_actors
     00000046  ___bank_scene_33_init              scene_33_init
     00000046  ___bank_scene_35_actors            scene_35_actors
     00000046  ___bank_scene_35_init              scene_35_init
     00000046  ___bank_scene_35_triggers          scene_35_triggers
     00000046  ___bank_scene_36_triggers          scene_36_triggers
     00000046  ___bank_scene_39_actors            scene_39_actors
     00000046  ___bank_scene_41_p_hit1            scene_41_p_hit1
     00000046  ___bank_scene_44_init              scene_44_init
     00000046  ___bank_scene_45_actors            scene_45_actors
     00000046  ___bank_scene_45_init              scene_45_init
     00000046  ___bank_scene_47_actors            scene_47_actors
     00000046  ___bank_scene_47_init              scene_47_init
     00000046  ___bank_scene_50_init              scene_50_init
     00000046  ___bank_scene_50_triggers          scene_50_triggers
     00000046  ___bank_scene_58_init              scene_58_init
     00000046  ___bank_scene_65_actors            scene_65_actors
     00000046  ___bank_scene_66_projectiles       scene_66_projectiles
     00000046  ___bank_scene_6_init               scene_6_init
     00000046  ___bank_scene_9_triggers           scene_9_triggers
     00000046  ___bank_script_engine_init         
     00000046  ___bank_script_input_10            script_input_10
     00000046  ___bank_script_input_18            script_input_18
     00000046  ___bank_script_input_39            script_input_39
     00000046  ___bank_script_timer_100           script_timer_100
     00000046  ___bank_script_timer_50            script_timer_50
     00000046  ___bank_script_timer_51            script_timer_51
     00000046  ___bank_script_timer_82            script_timer_82
     00000046  ___bank_script_timer_83            script_timer_83
     00000046  ___bank_sprite_bullet              sprite_bullet
     00000046  ___bank_sprite_bullet_copy         sprite_bullet_copy
     00000046  ___bank_sprite_cedric_copy         sprite_cedric_copy
     00000046  ___bank_sprite_cursor              sprite_cursor
     00000046  ___bank_sprite_feather_tileset     sprite_feather_tileset
     00000046  ___bank_sprite_flame_whip          sprite_flame_whip
     00000046  ___bank_sprite_flame_whip_tilese   sprite_flame_whip_tileset
     00000046  ___bank_sprite_foxberry_ui_tiles   sprite_foxberry_ui_tileset
     00000046  ___bank_sprite_jem_animated_0      sprite_jem_animated_0
     00000046  ___bank_sprite_jem_hand            sprite_jem_hand
     00000046  ___bank_sprite_jem_hand_tileset    sprite_jem_hand_tileset
     00000046  ___bank_sprite_lava_tileset        sprite_lava_tileset
ASxxxx Linker V03.00/V05.40 + sdld,  page 19.
Hexadecimal  [32-Bits]

Area                                    Addr        Size        Decimal Bytes (Attributes)
--------------------------------        ----        ----        ------- ----- ------------
.  .ABS.                            00000000    00000000 =           0. bytes (ABS,CON)

      Value  Global                              Global Defined In Module
      -----  --------------------------------   ------------------------
     00000046  ___bank_sprite_light_key           sprite_light_key
     00000046  ___bank_sprite_light_key_0         sprite_light_key_0
     00000046  ___bank_sprite_metal_walls_tiles   sprite_metal_walls_tileset
     00000046  ___bank_sprite_music_type          sprite_music_type
     00000046  ___bank_sprite_phoenix_cop_copy    sprite_phoenix_cop_copy
     00000046  ___bank_sprite_poison_tileset      sprite_poison_tileset
     00000046  ___bank_sprite_potion_ui_tileset   sprite_potion_ui_tileset
     00000046  ___bank_sprite_robot_animated_pl   sprite_robot_animated_platf
     00000046  ___bank_sprite_robot_animated_pl   sprite_robot_animated_platf_
     00000046  ___bank_sprite_robot_animated_pl   sprite_robot_animated_platf_
     00000046  ___bank_sprite_robot_animated_pl   sprite_robot_animated_platf_
     00000046  ___bank_sprite_shock               sprite_shock
     00000046  ___bank_sprite_speed_selection     sprite_speed_selection
     00000046  ___bank_sprite_swordattack         sprite_swordattack
     00000046  ___bank_sprite_unknown_key_copy_   sprite_unknown_key_copy_2__t
     00000046  ___bank_sprite_unknown_key_copy_   sprite_unknown_key_copy_tile
     00000046  ___bank_trigger_103_interact       trigger_103_interact
     00000046  ___bank_trigger_105_interact       trigger_105_interact
     00000046  ___bank_trigger_106_interact       trigger_106_interact
     00000046  ___bank_trigger_107_interact       trigger_107_interact
     00000046  ___bank_trigger_108_interact       trigger_108_interact
     00000046  ___bank_trigger_109_interact       trigger_109_interact
     00000046  ___bank_trigger_10_interact        trigger_10_interact
     00000046  ___bank_trigger_110_interact       trigger_110_interact
     00000046  ___bank_trigger_112_interact       trigger_112_interact
     00000046  ___bank_trigger_113_interact       trigger_113_interact
     00000046  ___bank_trigger_114_interact       trigger_114_interact
     00000046  ___bank_trigger_115_interact       trigger_115_interact
     00000046  ___bank_trigger_117_interact       trigger_117_interact
     00000046  ___bank_trigger_118_interact       trigger_118_interact
     00000046  ___bank_trigger_119_interact       trigger_119_interact
     00000046  ___bank_trigger_121_interact       trigger_121_interact
     00000046  ___bank_trigger_122_interact       trigger_122_interact
     00000046  ___bank_trigger_123_interact       trigger_123_interact
     00000046  ___bank_trigger_124_interact       trigger_124_interact
     00000046  ___bank_trigger_160_interact       trigger_160_interact
     00000046  ___bank_trigger_163_interact       trigger_163_interact
     00000046  ___bank_trigger_174_interact       trigger_174_interact
     00000046  ___bank_trigger_175_interact       trigger_175_interact
     00000046  ___bank_trigger_186_interact       trigger_186_interact
     00000046  ___bank_trigger_189_interact       trigger_189_interact
     00000046  ___bank_trigger_191_interact       trigger_191_interact
     00000046  ___bank_trigger_193_interact       trigger_193_interact
     00000046  ___bank_trigger_194_interact       trigger_194_interact
     00000046  ___bank_trigger_20_interact        trigger_20_interact
     00000046  ___bank_trigger_213_interact       trigger_213_interact
     00000046  ___bank_trigger_219_interact       trigger_219_interact
     00000046  ___bank_trigger_220_interact       trigger_220_interact
     00000046  ___bank_trigger_221_interact       trigger_221_interact
     00000046  ___bank_trigger_222_interact       trigger_222_interact
     00000046  ___bank_trigger_223_interact       trigger_223_interact
ASxxxx Linker V03.00/V05.40 + sdld,  page 20.
Hexadecimal  [32-Bits]

Area                                    Addr        Size        Decimal Bytes (Attributes)
--------------------------------        ----        ----        ------- ----- ------------
.  .ABS.                            00000000    00000000 =           0. bytes (ABS,CON)

      Value  Global                              Global Defined In Module
      -----  --------------------------------   ------------------------
     00000046  ___bank_trigger_225_interact       trigger_225_interact
     00000046  ___bank_trigger_226_interact       trigger_226_interact
     00000046  ___bank_trigger_22_interact        trigger_22_interact
     00000046  ___bank_trigger_230_interact       trigger_230_interact
     00000046  ___bank_trigger_23_interact        trigger_23_interact
     00000046  ___bank_trigger_38_interact        trigger_38_interact
     00000046  ___bank_trigger_40_interact        trigger_40_interact
     00000046  ___bank_trigger_41_interact        trigger_41_interact
     00000046  ___bank_trigger_42_interact        trigger_42_interact
     00000046  ___bank_trigger_43_interact        trigger_43_interact
     00000046  ___bank_trigger_44_interact        trigger_44_interact
     00000046  ___bank_trigger_45_interact        trigger_45_interact
     00000046  ___bank_trigger_4_interact         trigger_4_interact
     00000046  ___bank_trigger_5_interact         trigger_5_interact
     00000046  ___bank_trigger_68_interact        trigger_68_interact
     00000046  ___bank_trigger_69_interact        trigger_69_interact
     00000046  ___bank_trigger_6_interact         trigger_6_interact
     00000046  ___bank_trigger_7_interact         trigger_7_interact
     00000046  ___bank_trigger_80_interact        trigger_80_interact
     00000046  ___bank_trigger_81_interact        trigger_81_interact
     00000046  ___bank_trigger_8_interact         trigger_8_interact
     00000046  ___bank_trigger_91_interact        trigger_91_interact
     00000046  ___bank_trigger_92_interact        trigger_92_interact
     00000046  ___bank_trigger_9_interact         trigger_9_interact
     00000046  b_restore_sram                     flasher
     00000046  b_restore_sram_bank                flasher
     00000046  b_save_sram                        flasher
     00000046  b_scroll_rect                      
     00000047  ___bank_actor_14_update            actor_14_update
     00000047  ___bank_actor_17_interact          actor_17_interact
     00000047  ___bank_actor_64_interact          actor_64_interact
     00000047  ___bank_actor_65_interact          actor_65_interact
     00000047  ___bank_actor_9_update             actor_9_update
     00000047  ___bank_bg_blight_s_memory_p1      bg_blight_s_memory_p1
     00000047  ___bank_bg_cc_computer             bg_cc_computer
     00000047  ___bank_bg_cc_hammers              bg_cc_hammers
     00000047  ___bank_bg_cc_intro_cutscene       bg_cc_intro_cutscene
     00000047  ___bank_bg_cc_title_frame          bg_cc_title_frame
     00000047  ___bank_bg_earth_burnclaw_forest   bg_earth_burnclaw_forest
     00000047  ___bank_bg_earth_burnclaw_forest   bg_earth_burnclaw_forest_ca
     00000047  ___bank_bg_earth_burnclaw_forest   bg_earth_burnclaw_forest_cr
     00000047  ___bank_bg_earth_distortion_moun   bg_earth_distortion_mountai
     00000047  ___bank_bg_earth_level_1_intro     bg_earth_level_1_intro
     00000047  ___bank_bg_earth_shuttle_bay       bg_earth_shuttle_bay
     00000047  ___bank_bg_earth_shuttle_bay_sec   bg_earth_shuttle_bay_secret
     00000047  ___bank_bg_earth_shuttle_bay_upp   bg_earth_shuttle_bay_upper
     00000047  ___bank_bg_earth_shuttle_bay_wat   bg_earth_shuttle_bay_water
     00000047  ___bank_bg_game_menu               bg_game_menu
     00000047  ___bank_bg_game_menu_copy          bg_game_menu_copy
     00000047  ___bank_bg_hud_ui                  bg_hud_ui
     00000047  ___bank_bg_jems_background         bg_jems_background
ASxxxx Linker V03.00/V05.40 + sdld,  page 21.
Hexadecimal  [32-Bits]

Area                                    Addr        Size        Decimal Bytes (Attributes)
--------------------------------        ----        ----        ------- ----- ------------
.  .ABS.                            00000000    00000000 =           0. bytes (ABS,CON)

      Value  Global                              Global Defined In Module
      -----  --------------------------------   ------------------------
     00000047  ___bank_bg_level_1                 bg_level_1
     00000047  ___bank_bg_level_2                 bg_level_2
     00000047  ___bank_bg_level_3                 bg_level_3
     00000047  ___bank_bg_level_4                 bg_level_4
     00000047  ___bank_bg_luna_boss_room          bg_luna_boss_room
     00000047  ___bank_bg_luna_peryil_s_house     bg_luna_peryil_s_house
     00000047  ___bank_bg_luna_serenity_cave_lo   bg_luna_serenity_cave_lower
     00000047  ___bank_bg_luna_serenity_cave_up   bg_luna_serenity_cave_upper
     00000047  ___bank_bg_luna_serenity_forest    bg_luna_serenity_forest
     00000047  ___bank_bg_luna_serenity_outskir   bg_luna_serenity_outskirts
     00000047  ___bank_bg_luna_serenity_waterfr   bg_luna_serenity_waterfront
     00000047  ___bank_bg_luna_sewer_system       bg_luna_sewer_system
     00000047  ___bank_bg_luna_water_heater       bg_luna_water_heater
     00000047  ___bank_bg_menu_load_background    bg_menu_load_background
     00000047  ___bank_bg_mercury_landing_site    bg_mercury_landing_site
     00000047  ___bank_bg_mercury_overflow_pass   bg_mercury_overflow_passage
     00000047  ___bank_bg_mercury_poison_proces   bg_mercury_poison_processin
     00000047  ___bank_bg_mercury_poison_storag   bg_mercury_poison_storage
     00000047  ___bank_bg_mercury_projectile_pl   bg_mercury_projectile_platf
     00000047  ___bank_bg_mercury_secret_area     bg_mercury_secret_area
     00000047  ___bank_bg_mercury_throne_room     bg_mercury_throne_room
     00000047  ___bank_bg_mercury_viewing_area    bg_mercury_viewing_area
     00000047  ___bank_bg_no_map                  bg_no_map
     00000047  ___bank_bg_placeholder             bg_placeholder
     00000047  ___bank_bg_platformer_test01       bg_platformer_test01
     00000047  ___bank_bg_settings                bg_settings
     00000047  ___bank_bg_temporal_light_backgr   bg_temporal_light_backgroun
     00000047  ___bank_bg_title                   bg_title
     00000047  ___bank_bg_venus_ac_ventilation    bg_venus_ac_ventilation
     00000047  ___bank_bg_venus_ac_ventilation2   bg_venus_ac_ventilation2
     00000047  ___bank_bg_venus_defence_tunnel    bg_venus_defence_tunnel
     00000047  ___bank_bg_venus_dropshaft_0       bg_venus_dropshaft_0
     00000047  ___bank_bg_venus_dropshaft_1       bg_venus_dropshaft_1
     00000047  ___bank_bg_venus_evidence_room     bg_venus_evidence_room
     00000047  ___bank_bg_venus_landing_site      bg_venus_landing_site
[...]
                                          [ trigger_210_interact ]
C:/Users/steve/AppData/Local/Temp/_gbsbuild/obj/trigger_211_interact.rel
                                          [ trigger_211_interact ]
C:/Users/steve/AppData/Local/Temp/_gbsbuild/obj/trigger_212_interact.rel
                                          [ trigger_212_interact ]
C:/Users/steve/AppData/Local/Temp/_gbsbuild/obj/trigger_213_interact.rel
                                          [ trigger_213_interact ]
C:/Users/steve/AppData/Local/Temp/_gbsbuild/obj/trigger_214_interact.rel
                                          [ trigger_214_interact ]
C:/Users/steve/AppData/Local/Temp/_gbsbuild/obj/trigger_215_interact.rel
                                          [ trigger_215_interact ]
C:/Users/steve/AppData/Local/Temp/_gbsbuild/obj/trigger_216_interact.rel
                                          [ trigger_216_interact ]
C:/Users/steve/AppData/Local/Temp/_gbsbuild/obj/trigger_217_interact.rel
                                          [ trigger_217_interact ]
C:/Users/steve/AppData/Local/Temp/_gbsbuild/obj/trigger_218_interact.rel
                                          [ trigger_218_interact ]
C:/Users/steve/AppData/Local/Temp/_gbsbuild/obj/trigger_219_interact.rel
                                          [ trigger_219_interact ]
C:/Users/steve/AppData/Local/Temp/_gbsbuild/obj/trigger_22_interact.rel
                                          [ trigger_22_interact ]
C:/Users/steve/AppData/Local/Temp/_gbsbuild/obj/trigger_220_interact.rel
                                          [ trigger_220_interact ]
C:/Users/steve/AppData/Local/Temp/_gbsbuild/obj/trigger_221_interact.rel
                                          [ trigger_221_interact ]
C:/Users/steve/AppData/Local/Temp/_gbsbuild/obj/trigger_222_interact.rel
                                          [ trigger_222_interact ]
C:/Users/steve/AppData/Local/Temp/_gbsbuild/obj/trigger_223_interact.rel
                                          [ trigger_223_interact ]
C:/Users/steve/AppData/Local/Temp/_gbsbuild/obj/trigger_224_interact.rel
                                          [ trigger_224_interact ]
C:/Users/steve/AppData/Local/Temp/_gbsbuild/obj/trigger_225_interact.rel
                                          [ trigger_225_interact ]
C:/Users/steve/AppData/Local/Temp/_gbsbuild/obj/trigger_226_interact.rel
                                          [ trigger_226_interact ]
C:/Users/steve/AppData/Local/Temp/_gbsbuild/obj/trigger_227_interact.rel
                                          [ trigger_227_interact ]
C:/Users/steve/AppData/Local/Temp/_gbsbuild/obj/trigger_228_interact.rel
                                          [ trigger_228_interact ]
C:/Users/steve/AppData/Local/Temp/_gbsbuild/obj/trigger_229_interact.rel
                                          [ trigger_229_interact ]
C:/Users/steve/AppData/Local/Temp/_gbsbuild/obj/trigger_23_interact.rel
                                          [ trigger_23_interact ]
C:/Users/steve/AppData/Local/Temp/_gbsbuild/obj/trigger_230_interact.rel
                                          [ trigger_230_interact ]
C:/Users/steve/AppData/Local/Temp/_gbsbuild/obj/trigger_231_interact.rel
                                          [ trigger_231_interact ]
C:/Users/steve/AppData/Local/Temp/_gbsbuild/obj/trigger_232_interact.rel
                                          [ trigger_232_interact ]
C:/Users/steve/AppData/Local/Temp/_gbsbuild/obj/trigger_233_interact.rel
                                          [ trigger_233_interact ]
C:/Users/steve/AppData/Local/Temp/_gbsbuild/obj/trigger_234_interact.rel
                                          [ trigger_234_interact ]
C:/Users/steve/AppData/Local/Temp/_gbsbuild/obj/trigger_24_interact.rel
                                          [ trigger_24_interact ]
C:/Users/steve/AppData/Local/Temp/_gbsbuild/obj/trigger_25_interact.rel
                                          [ trigger_25_interact ]
C:/Users/steve/AppData/Local/Temp/_gbsbuild/obj/trigger_26_interact.rel
                                          [ trigger_26_interact ]
C:/Users/steve/AppData/Local/Temp/_gbsbuild/obj/trigger_27_interact.rel
                                          [ trigger_27_interact ]
C:/Users/steve/AppData/Local/Temp/_gbsbuild/obj/trigger_28_interact.rel
                                          [ trigger_28_interact ]
C:/Users/steve/AppData/Local/Temp/_gbsbuild/obj/trigger_29_interact.rel
                                          [ trigger_29_interact ]
C:/Users/steve/AppData/Local/Temp/_gbsbuild/obj/trigger_3_interact.rel
                                          [ trigger_3_interact ]
C:/Users/steve/AppData/Local/Temp/_gbsbuild/obj/trigger_30_interact.rel
                                          [ trigger_30_interact ]
C:/Users/steve/AppData/Local/Temp/_gbsbuild/obj/trigger_31_interact.rel
                                          [ trigger_31_interact ]
C:/Users/steve/AppData/Local/Temp/_gbsbuild/obj/trigger_32_interact.rel
                                          [ trigger_32_interact ]
C:/Users/steve/AppData/Local/Temp/_gbsbuild/obj/trigger_33_interact.rel
                                          [ trigger_33_interact ]
C:/Users/steve/AppData/Local/Temp/_gbsbuild/obj/trigger_34_interact.rel
                                          [ trigger_34_interact ]
C:/Users/steve/AppData/Local/Temp/_gbsbuild/obj/trigger_35_interact.rel
                                          [ trigger_35_interact ]
C:/Users/steve/AppData/Local/Temp/_gbsbuild/obj/trigger_36_interact.rel
                                          [ trigger_36_interact ]
C:/Users/steve/AppData/Local/Temp/_gbsbuild/obj/trigger_37_interact.rel
                                          [ trigger_37_interact ]
C:/Users/steve/AppData/Local/Temp/_gbsbuild/obj/trigger_38_interact.rel
                                          [ trigger_38_interact ]
C:/Users/steve/AppData/Local/Temp/_gbsbuild/obj/trigger_39_interact.rel
                                          [ trigger_39_interact ]
C:/Users/steve/AppData/Local/Temp/_gbsbuild/obj/trigger_4_interact.rel
                                          [ trigger_4_interact ]
C:/Users/steve/AppData/Local/Temp/_gbsbuild/obj/trigger_40_interact.rel
                                          [ trigger_40_interact ]
C:/Users/steve/AppData/Local/Temp/_gbsbuild/obj/trigger_41_interact.rel
                                          [ trigger_41_interact ]
C:/Users/steve/AppData/Local/Temp/_gbsbuild/obj/trigger_42_interact.rel
                                          [ trigger_42_interact ]
C:/Users/steve/AppData/Local/Temp/_gbsbuild/obj/trigger_43_interact.rel
                                          [ trigger_43_interact ]
C:/Users/steve/AppData/Local/Temp/_gbsbuild/obj/trigger_44_interact.rel
                                          [ trigger_44_interact ]
C:/Users/steve/AppData/Local/Temp/_gbsbuild/obj/trigger_45_interact.rel
                                          [ trigger_45_interact ]
C:/Users/steve/AppData/Local/Temp/_gbsbuild/obj/trigger_46_interact.rel
                                          [ trigger_46_interact ]
C:/Users/steve/AppData/Local/Temp/_gbsbuild/obj/trigger_47_interact.rel
                                          [ trigger_47_interact ]
C:/Users/steve/AppData/Local/Temp/_gbsbuild/obj/trigger_48_interact.rel
                                          [ trigger_48_interact ]
C:/Users/steve/AppData/Local/Temp/_gbsbuild/obj/trigger_49_interact.rel
                                          [ trigger_49_interact ]
C:/Users/steve/AppData/Local/Temp/_gbsbuild/obj/trigger_5_interact.rel
                                          [ trigger_5_interact ]
C:/Users/steve/AppData/Local/Temp/_gbsbuild/obj/trigger_50_interact.rel
                                          [ trigger_50_interact ]
C:/Users/steve/AppData/Local/Temp/_gbsbuild/obj/trigger_51_interact.rel
                                          [ trigger_51_interact ]
C:/Users/steve/AppData/Local/Temp/_gbsbuild/obj/trigger_52_interact.rel
                                          [ trigger_52_interact ]
C:/Users/steve/AppData/Local/Temp/_gbsbuild/obj/trigger_53_interact.rel
                                          [ trigger_53_interact ]
C:/Users/steve/AppData/Local/Temp/_gbsbuild/obj/trigger_54_interact.rel
                                          [ trigger_54_interact ]
C:/Users/steve/AppData/Local/Temp/_gbsbuild/obj/trigger_55_interact.rel
                                          [ trigger_55_interact ]
C:/Users/steve/AppData/Local/Temp/_gbsbuild/obj/trigger_56_interact.rel
                                          [ trigger_56_interact ]
C:/Users/steve/AppData/Local/Temp/_gbsbuild/obj/trigger_57_interact.rel
                                          [ trigger_57_interact ]
C:/Users/steve/AppData/Local/Temp/_gbsbuild/obj/trigger_58_interact.rel
                                          [ trigger_58_interact ]
C:/Users/steve/AppData/Local/Temp/_gbsbuild/obj/trigger_59_interact.rel
                                          [ trigger_59_interact ]
C:/Users/steve/AppData/Local/Temp/_gbsbuild/obj/trigger_6_interact.rel
                                          [ trigger_6_interact ]
C:/Users/steve/AppData/Local/Temp/_gbsbuild/obj/trigger_60_interact.rel
                                          [ trigger_60_interact ]
C:/Users/steve/AppData/Local/Temp/_gbsbuild/obj/trigger_61_interact.rel
                                          [ trigger_61_interact ]
C:/Users/steve/AppData/Local/Temp/_gbsbuild/obj/trigger_62_interact.rel
                                          [ trigger_62_interact ]
C:/Users/steve/AppData/Local/Temp/_gbsbuild/obj/trigger_63_interact.rel
                                          [ trigger_63_interact ]
C:/Users/steve/AppData/Local/Temp/_gbsbuild/obj/trigger_64_interact.rel
                                          [ trigger_64_interact ]
C:/Users/steve/AppData/Local/Temp/_gbsbuild/obj/trigger_65_interact.rel
                                          [ trigger_65_interact ]
C:/Users/steve/AppData/Local/Temp/_gbsbuild/obj/trigger_66_interact.rel
                                          [ trigger_66_interact ]
C:/Users/steve/AppData/Local/Temp/_gbsbuild/obj/trigger_67_interact.rel
                                          [ trigger_67_interact ]
C:/Users/steve/AppData/Local/Temp/_gbsbuild/obj/trigger_68_interact.rel
                                          [ trigger_68_interact ]
C:/Users/steve/AppData/Local/Temp/_gbsbuild/obj/trigger_69_interact.rel
                                          [ trigger_69_interact ]
C:/Users/steve/AppData/Local/Temp/_gbsbuild/obj/trigger_7_interact.rel
                                          [ trigger_7_interact ]
C:/Users/steve/AppData/Local/Temp/_gbsbuild/obj/trigger_70_interact.rel
                                          [ trigger_70_interact ]
C:/Users/steve/AppData/Local/Temp/_gbsbuild/obj/trigger_71_interact.rel
                                          [ trigger_71_interact ]
C:/Users/steve/AppData/Local/Temp/_gbsbuild/obj/trigger_72_interact.rel
                                          [ trigger_72_interact ]
C:/Users/steve/AppData/Local/Temp/_gbsbuild/obj/trigger_73_interact.rel
                                          [ trigger_73_interact ]
C:/Users/steve/AppData/Local/Temp/_gbsbuild/obj/trigger_74_interact.rel
                                          [ trigger_74_interact ]
C:/Users/steve/AppData/Local/Temp/_gbsbuild/obj/trigger_75_interact.rel
                                          [ trigger_75_interact ]
C:/Users/steve/AppData/Local/Temp/_gbsbuild/obj/trigger_76_interact.rel
                                          [ trigger_76_interact ]
C:/Users/steve/AppData/Local/Temp/_gbsbuild/obj/trigger_77_interact.rel
                                          [ trigger_77_interact ]
C:/Users/steve/AppData/Local/Temp/_gbsbuild/obj/trigger_78_interact.rel
                                          [ trigger_78_interact ]
C:/Users/steve/AppData/Local/Temp/_gbsbuild/obj/trigger_79_interact.rel
                                          [ trigger_79_interact ]
C:/Users/steve/AppData/Local/Temp/_gbsbuild/obj/trigger_8_interact.rel
                                          [ trigger_8_interact ]
C:/Users/steve/AppData/Local/Temp/_gbsbuild/obj/trigger_80_interact.rel
                                          [ trigger_80_interact ]
C:/Users/steve/AppData/Local/Temp/_gbsbuild/obj/trigger_81_interact.rel
                                          [ trigger_81_interact ]
C:/Users/steve/AppData/Local/Temp/_gbsbuild/obj/trigger_82_interact.rel
                                          [ trigger_82_interact ]
C:/Users/steve/AppData/Local/Temp/_gbsbuild/obj/trigger_83_interact.rel
                                          [ trigger_83_interact ]
C:/Users/steve/AppData/Local/Temp/_gbsbuild/obj/trigger_84_interact.rel
                                          [ trigger_84_interact ]
C:/Users/steve/AppData/Local/Temp/_gbsbuild/obj/trigger_85_interact.rel
                                          [ trigger_85_interact ]
C:/Users/steve/AppData/Local/Temp/_gbsbuild/obj/trigger_86_interact.rel
                                          [ trigger_86_interact ]
C:/Users/steve/AppData/Local/Temp/_gbsbuild/obj/trigger_87_interact.rel
                                          [ trigger_87_interact ]
C:/Users/steve/AppData/Local/Temp/_gbsbuild/obj/trigger_88_interact.rel
                                          [ trigger_88_interact ]
C:/Users/steve/AppData/Local/Temp/_gbsbuild/obj/trigger_89_interact.rel
                                          [ trigger_89_interact ]
C:/Users/steve/AppData/Local/Temp/_gbsbuild/obj/trigger_9_interact.rel
                                          [ trigger_9_interact ]
C:/Users/steve/AppData/Local/Temp/_gbsbuild/obj/trigger_90_interact.rel
                                          [ trigger_90_interact ]
C:/Users/steve/AppData/Local/Temp/_gbsbuild/obj/trigger_91_interact.rel
                                          [ trigger_91_interact ]
C:/Users/steve/AppData/Local/Temp/_gbsbuild/obj/trigger_92_interact.rel
                                          [ trigger_92_interact ]
C:/Users/steve/AppData/Local/Temp/_gbsbuild/obj/trigger_93_interact.rel
                                          [ trigger_93_interact ]
C:/Users/steve/AppData/Local/Temp/_gbsbuild/obj/trigger_94_interact.rel
                                          [ trigger_94_interact ]
C:/Users/steve/AppData/Local/Temp/_gbsbuild/obj/trigger_95_interact.rel
                                          [ trigger_95_interact ]
C:/Users/steve/AppData/Local/Temp/_gbsbuild/obj/trigger_96_interact.rel
                                          [ trigger_96_interact ]
C:/Users/steve/AppData/Local/Temp/_gbsbuild/obj/trigger_97_interact.rel
                                          [ trigger_97_interact ]
C:/Users/steve/AppData/Local/Temp/_gbsbuild/obj/trigger_98_interact.rel
                                          [ trigger_98_interact ]
C:/Users/steve/AppData/Local/Temp/_gbsbuild/obj/trigger_99_interact.rel
                                          [ trigger_99_interact ]
C:/Users/steve/AppData/Local/Temp/_gbsbuild/obj/main.rel
                                          [ main ]
C:/Users/steve/AppData/Local/Temp/_gbsbuild/obj/adventure.rel
                                          [ adventure ]
C:/Users/steve/AppData/Local/Temp/_gbsbuild/obj/logo.rel
                                          [ logo ]
C:/Users/steve/AppData/Local/Temp/_gbsbuild/obj/platform.rel
                                          [ platform ]
C:/Users/steve/AppData/Local/Temp/_gbsbuild/obj/pointnclick.rel
                                          [ pointnclick ]
C:/Users/steve/AppData/Local/Temp/_gbsbuild/obj/shmup.rel
                                          [ shmup ]
C:/Users/steve/AppData/Local/Temp/_gbsbuild/obj/states_ptrs.rel
                                          [  ]
C:/Users/steve/AppData/Local/Temp/_gbsbuild/obj/topdown.rel
                                          [ topdown ]


Libraries Linked                          [ object file ]

C:\Users\steve\AppData\Local\Temp/_gbstools/gbdk/lib/gb/gb.lib
                                          [ fill_rect_wi.o ]
C:\Users\steve\AppData\Local\Temp/_gbstools/gbdk/lib/sm83/sm83.lib
                                          [ rand.o ]
lib/hUGEDriver.lib                        [ hUGEDriver.o ]
C:\Users\steve\AppData\Local\Temp/_gbstools/gbdk/lib/gb/gb.lib
                                          [ sfr.o ]
C:\Users\steve\AppData\Local\Temp/_gbstools/gbdk/lib/gb/gb.lib
                                          [ get_data.o ]
C:\Users\steve\AppData\Local\Temp/_gbstools/gbdk/lib/gb/gb.lib
                                          [ get_tile.o ]
C:\Users\steve\AppData\Local\Temp/_gbstools/gbdk/lib/gb/gb.lib
                                          [ cgb_palettes.o ]
C:\Users\steve\AppData\Local\Temp/_gbstools/gbdk/lib/gb/gb.lib
                                          [ metasprites_hide_spr.o ]
C:\Users\steve\AppData\Local\Temp/_gbstools/gbdk/lib/sm83/sm83.lib
                                          [ mul.o ]
C:\Users\steve\AppData\Local\Temp/_gbstools/gbdk/lib/gb/gb.lib
                                          [ set_tile.o ]
C:\Users\steve\AppData\Local\Temp/_gbstools/gbdk/lib/sm83/sm83.lib
                                          [ abs.o ]
C:\Users\steve\AppData\Local\Temp/_gbstools/gbdk/lib/gb/gb.lib
                                          [ set_wi_t.o ]
C:\Users\steve\AppData\Local\Temp/_gbstools/gbdk/lib/gb/gb.lib
                                          [ set_data.o ]
C:\Users\steve\AppData\Local\Temp/_gbstools/gbdk/lib/sm83/sm83.lib
                                          [ reverse.o ]
C:\Users\steve\AppData\Local\Temp/_gbstools/gbdk/lib/gb/gb.lib
                                          [ far_ptr.o ]
C:\Users\steve\AppData\Local\Temp/_gbstools/gbdk/lib/gb/gb.lib
                                          [ sgb.o ]
C:\Users\steve\AppData\Local\Temp/_gbstools/gbdk/lib/gb/gb.lib
                                          [ lcd.o ]
C:\Users\steve\AppData\Local\Temp/_gbstools/gbdk/lib/gb/gb.lib
                                          [ fill_rect.o ]
C:\Users\steve\AppData\Local\Temp/_gbstools/gbdk/lib/gb/gb.lib
                                          [ pad_ex.o ]
C:\Users\steve\AppData\Local\Temp/_gbstools/gbdk/lib/gb/gb.lib
                                          [ cpy_data.o ]
C:\Users\steve\AppData\Local\Temp/_gbstools/gbdk/lib/gb/gb.lib
                                          [ fill_rect_bk.o ]
C:\Users\steve\AppData\Local\Temp/_gbstools/gbdk/lib/gb/gb.lib
                                          [ metasprites.o ]
C:\Users\steve\AppData\Local\Temp/_gbstools/gbdk/lib/sm83/sm83.lib
                                          [ __sdcc_call_hl.o ]
C:\Users\steve\AppData\Local\Temp/_gbstools/gbdk/lib/sm83/sm83.lib
                                          [ memcpy.o ]
C:\Users\steve\AppData\Local\Temp/_gbstools/gbdk/lib/sm83/sm83.lib
                                          [ _memset.o ]
C:\Users\steve\AppData\Local\Temp/_gbstools/gbdk/lib/gb/gb.lib
                                          [ set_xy_t.o ]
C:\Users\steve\AppData\Local\Temp/_gbstools/gbdk/lib/gb/gb.lib
                                          [ ___sdcc_bcall_ehl.o ]
C:\Users\steve\AppData\Local\Temp/_gbstools/gbdk/lib/gb/gb.lib
                                          [ cgb.o ]
C:\Users\steve\AppData\Local\Temp/_gbstools/gbdk/lib/sm83/sm83.lib
                                          [ div.o ]
C:\Users\steve\AppData\Local\Temp/_gbstools/gbdk/lib/gb/gb.lib
                                          [ set_bk_t.o ]

ASxxxx Linker V03.00/V05.40 + sdld,  page 248.

User Base Address Definitions

_DATA=0xC0A0
_CODE=0x0200
ASxxxx Linker V03.00/V05.40 + sdld,  page 249.

User Global Definitions

.STACK=0xDF00
_shadow_OAM=0xC000
.refresh_OAM=0xFF80
__start_save=124

